=== Bulletproof USB Rescue System Creation ===
Started: Tue Jul  1 03:00:11 PM PDT 2025
Log: /home/tca/scripts/ubuntu-rescue-system/logs/usb-setup/usb-creation-20250701_150011.log

ğŸ›¡ï¸ BULLETPROOF USB RESCUE SYSTEM CREATION
==========================================

âš ï¸  This will completely format your USB drive!
   All existing data will be permanently lost.

Continue with USB formatting? (y/N): 
ğŸ” Detecting USB drives...
   Found USB drives:
   [1] /dev/sda (28.9G) - x5000m

ğŸ¯ Auto-detected your HP x5000m USB drive:
   Target: /dev/sda
ğŸ›¡ï¸ Safety Check: Verifying target device...
   âœ… Target device is safe to use
   âœ… Confirmed USB device
   âœ… Not a system device
ğŸ’¾ Checking for data to backup...
   ğŸ“‹ Found potentially valuable data:
      - binance_raw_trade_data (131M)

   ğŸ’¡ Backup this data before formatting? (y/N): 
   âš ï¸  Skipping backup - data will be lost
ğŸ“¥ Ensuring rescue tools are available...
   âœ… Rescue tools already downloaded
total 2.5G
-rw-rw-r-- 1 tca tca 2.5G Dec 23  2023 boot-repair-disk-64bit.iso
-rw-rw-r-- 1 tca tca  24M Jul 30  2024 supergrub2-2.06s4-multiarch-USB.img.zip
ğŸ”§ Creating bulletproof partition layout...
   Target device: /dev/sda
   Unmounting existing partitions...
   Creating new GPT partition table...
   Creating partitions:
      1. Super Grub2 Disk (1GB)
      2. Boot-Repair-Disk (1GB)
      3. SystemRescue (1GB)
      4. Clonezilla (1GB)
      5. Backup Storage (remaining ~25GB)
   âœ… Partition layout created
ğŸ’¿ Formatting partitions...
   Formatting /dev/sda1 as FAT32...
mkfs.fat 4.2 (2021-01-31)
   Formatting /dev/sda2 as FAT32...
mkfs.fat 4.2 (2021-01-31)
   Formatting /dev/sda3 as FAT32...
mkfs.fat 4.2 (2021-01-31)
   Formatting /dev/sda4 as FAT32...
mkfs.fat 4.2 (2021-01-31)
   Formatting /dev/sda5 as ext4...
mke2fs 1.47.0 (5-Feb-2023)
Creating filesystem with 6520320 4k blocks and 1630208 inodes
Filesystem UUID: 32bf4b59-4ede-4906-aa83-e2012e4b49c2
Superblock backups stored on blocks: 
	32768, 98304, 163840, 229376, 294912, 819200, 884736, 1605632, 2654208, 
	4096000

Allocating group tables:   0/199       done                            
Writing inode tables:   0/199       done                            
Creating journal (32768 blocks): done
Writing superblocks and filesystem accounting information:   0/199       done

   âœ… All partitions formatted
ğŸš€ Installing rescue tools to USB partitions...
   Installing Super Grub2 Disk...
      âš ï¸  Super Grub2 Disk ISO not found, skipping
   Installing Boot-Repair-Disk...
cp: error writing '/tmp/usb-rescue-mount/boot-repair-disk-64bit.iso': No space left on device
